core_cm4.h:1679:22:__NVIC_EnableIRQ	16	static
fsl_clock.h:668:20:CLOCK_EnableClock	24	static
fsl_clock.h:679:20:CLOCK_DisableClock	24	static
fsl_common.h:747:28:EnableIRQ	24	static
fsl_enet.h:811:20:ENET_Reset	16	static
fsl_enet.h:854:20:ENET_GetSMI	16	static
fsl_enet.h:1130:20:ENET_EnableSleepMode	16	static
fsl_enet.h:1182:20:ENET_EnableInterrupts	16	static
fsl_enet.c:165:10:ENET_GetInstance	24	static
fsl_enet.c:197:6:ENET_GetDefaultConfig	16	static
fsl_enet.c:246:6:ENET_Up	32	static
fsl_enet.c:300:6:ENET_Init	40	static
fsl_enet.c:326:6:ENET_Down	16	static
fsl_enet.c:342:6:ENET_Deinit	16	static
fsl_enet.c:361:6:ENET_SetCallback	24	static
fsl_enet.c:387:6:ENET_SetRxISRHandler	24	static
fsl_enet.c:395:6:ENET_SetTxISRHandler	24	static
fsl_enet.c:404:6:ENET_SetErrISRHandler	24	static
fsl_enet.c:432:13:ENET_SetHandler	40	static
fsl_enet.c:481:13:ENET_SetMacController	56	static
fsl_enet.c:750:13:ENET_SetTxBufferDescriptors	48	static
fsl_enet.c:815:13:ENET_SetRxBufferDescriptors	48	static
fsl_enet.c:914:13:ENET_ActiveSend	24	static
fsl_enet.c:969:6:ENET_SetMII	24	static
fsl_enet.c:1025:6:ENET_SetMacAddr	24	static
fsl_enet.c:1045:6:ENET_GetMacAddr	24	static
fsl_enet.c:1073:6:ENET_SetSMI	40	static
fsl_enet.c:1102:6:ENET_StartSMIWrite	32	static
fsl_enet.c:1122:6:ENET_StartSMIRead	32	static
fsl_enet.c:1294:17:ENET_IncreaseIndex	16	static
fsl_enet.c:1305:20:ENET_TxDirtyRingAvailable	16	static
fsl_enet.c:1329:6:ENET_GetRxErrBeforeReadFrame	40	static
fsl_enet.c:1423:10:ENET_GetRxFrameSize	48	static
fsl_enet.c:1537:10:ENET_ReadFrame	64	static
fsl_enet.c:1646:13:ENET_UpdateReadBuffers	40	static
fsl_enet.c:1707:10:ENET_SendFrame	72	static
fsl_enet.c:1914:10:ENET_SetTxReclaim	32	static
fsl_enet.c:1955:13:ENET_ReclaimTxDescriptor	56	static
fsl_enet.c:2044:10:ENET_GetRxBuffer	40	static
fsl_enet.c:2125:6:ENET_ReleaseRxBuffer	48	static
fsl_enet.c:2248:10:ENET_SendFrameZeroCopy	64	static
fsl_enet.c:2437:10:ENET_SetTxBuffer	56	static
fsl_enet.c:2574:6:ENET_AddMulticastGroup	40	static
fsl_enet.c:2623:6:ENET_LeaveMulticastGroup	40	static
fsl_enet.c:2990:6:ENET_TransmitIRQHandler	48	static
fsl_enet.c:3056:6:ENET_ReceiveIRQHandler	40	static
fsl_enet.c:3101:6:ENET_ErrorIRQHandler	40	static
fsl_enet.c:3198:6:ENET_CommonFrame0IRQHandler	24	static
fsl_enet.c:3309:6:ENET_Transmit_IRQHandler	8	static
fsl_enet.c:3319:6:ENET_Receive_IRQHandler	8	static
fsl_enet.c:3329:6:ENET_Error_IRQHandler	8	static
fsl_enet.c:3340:6:ENET_1588_Timer_IRQHandler	8	static
fsl_enet.c:3350:6:ENET_DriverIRQHandler	8	static
