dhcp.c:232:1:dhcp_inc_pcb_refcount	8	static
dhcp.c:259:1:dhcp_dec_pcb_refcount	8	static
dhcp.c:283:1:dhcp_handle_nak	24	static
dhcp.c:306:1:dhcp_conflict_callback	24	static
dhcp.c:349:1:dhcp_check	24	static
dhcp.c:368:1:dhcp_handle_offer	24	static
dhcp.c:402:1:dhcp_select	56	static
dhcp.c:466:1:dhcp_coarse_tmr	16	static
dhcp.c:504:1:dhcp_fine_tmr	16	static
dhcp.c:535:1:dhcp_timeout	24	static
dhcp.c:569:1:dhcp_t1_timeout	24	static
dhcp.c:596:1:dhcp_t2_timeout	24	static
dhcp.c:622:1:dhcp_handle_ack	32	static
dhcp.c:713:1:dhcp_set_struct	16	static
dhcp.c:735:6:dhcp_cleanup	16	static
dhcp.c:760:1:dhcp_start	24	static
dhcp.c:844:1:dhcp_inform	112	static
dhcp.c:888:1:dhcp_network_changed_link_up	24	static
dhcp.c:929:1:dhcp_decline	56	static
dhcp.c:969:1:dhcp_discover	48	static
dhcp.c:1029:1:dhcp_bind	40	static
dhcp.c:1132:1:dhcp_renew	48	static
dhcp.c:1188:1:dhcp_rebind	48	static
dhcp.c:1242:1:dhcp_reboot	56	static
dhcp.c:1300:1:dhcp_release_and_stop	56	static
dhcp.c:1369:1:dhcp_release	16	static
dhcp.c:1381:1:dhcp_stop	16	static
dhcp.c:1392:1:dhcp_set_state	16	static
dhcp.c:1407:1:dhcp_option	16	static
dhcp.c:1419:1:dhcp_option_byte	16	static
dhcp.c:1427:1:dhcp_option_short	16	static
dhcp.c:1436:1:dhcp_option_long	24	static
dhcp.c:1482:1:dhcp_parse_reply	80	static
dhcp.c:1731:1:dhcp_recv	48	static
dhcp.c:1852:1:dhcp_create_msg	40	static
dhcp.c:1938:1:dhcp_option_trailer	24	static
dhcp.c:1958:1:dhcp_supplied_address	24	static
